# 2026-10-07T16:20:04.386Z  POST /videos  (10737418240 bytes = 10 GiB)
HTTP 201
{
  "video": {
    "public_id": "Q34hT1nOgiQ",
    "title": "Evidência — vídeo de 10 GiB",
    "description": null,
    "status": "uploading",
    "original_filename": "video-10gib.mp4",
    "mime_type": "video/mp4",
    "size_bytes": 10737418240,
    "thumbnail_url": null,
    "created_at": "2026-10-07T16:20:04.317Z",
    "updated_at": "2026-10-07T16:20:04.317Z"
  },
  "upload": {
    "part_size_bytes": 16777216,
    "part_count": 640,
    "max_part_urls_per_request": 100
  }
}

# Linha criada no banco ao iniciar o upload (rascunho = uploading)
  public_id  |            title            |  status   | size_bytes  |                 original_key                  | has_upload_id 
-------------+-----------------------------+-----------+-------------+-----------------------------------------------+---------------
 Q34hT1nOgiQ | Evidência — vídeo de 10 GiB | uploading | 10737418240 | f098a19c-9d5f-483c-b892-dfb76b5331ac/original | t
(1 row)


